mode: set
github.com/project-available/available/main.go:36.13,43.17 1 0
github.com/project-available/available/main.go:43.17,45.3 1 0
github.com/project-available/available/main.go:46.2,49.16 3 0
github.com/project-available/available/main.go:49.16,51.3 1 0
github.com/project-available/available/main.go:52.2,53.16 2 0
github.com/project-available/available/main.go:53.16,55.3 1 0
github.com/project-available/available/main.go:62.2,64.16 3 0
github.com/project-available/available/main.go:64.16,66.3 1 0
github.com/project-available/available/main.go:68.2,69.16 2 0
github.com/project-available/available/main.go:69.16,71.3 1 0
github.com/project-available/available/utils/config.go:17.57,25.16 6 0
github.com/project-available/available/utils/config.go:25.16,27.3 1 0
github.com/project-available/available/utils/config.go:28.2,30.8 2 0
github.com/project-available/available/utils/password.go:10.52,12.16 2 0
github.com/project-available/available/utils/password.go:12.16,14.3 1 0
github.com/project-available/available/utils/password.go:16.2,16.36 1 0
github.com/project-available/available/utils/password.go:20.66,22.2 1 0
github.com/project-available/available/utils/random.go:14.38,16.2 1 0
github.com/project-available/available/utils/random.go:18.39,22.25 3 0
github.com/project-available/available/utils/random.go:22.25,25.3 2 0
github.com/project-available/available/utils/random.go:26.2,26.20 1 0
github.com/project-available/available/utils/random.go:30.33,34.25 3 0
github.com/project-available/available/utils/random.go:34.25,37.3 2 0
github.com/project-available/available/utils/random.go:38.2,38.20 1 0
github.com/project-available/available/utils/random.go:40.26,43.2 2 0
github.com/project-available/available/utils/random.go:45.27,48.2 2 0
github.com/project-available/available/utils/random.go:50.27,52.2 1 0
github.com/project-available/available/utils/random.go:54.31,56.2 1 0
github.com/project-available/available/utils/random.go:58.28,61.2 2 0
github.com/project-available/available/token/paseto_maker.go:17.57,18.51 1 0
github.com/project-available/available/token/paseto_maker.go:18.51,20.3 1 0
github.com/project-available/available/token/paseto_maker.go:22.2,27.19 2 0
github.com/project-available/available/token/paseto_maker.go:30.93,32.16 2 0
github.com/project-available/available/token/paseto_maker.go:32.16,34.3 1 0
github.com/project-available/available/token/paseto_maker.go:36.2,36.63 1 0
github.com/project-available/available/token/paseto_maker.go:39.71,43.16 3 0
github.com/project-available/available/token/paseto_maker.go:43.16,45.3 1 0
github.com/project-available/available/token/paseto_maker.go:47.2,48.16 2 0
github.com/project-available/available/token/paseto_maker.go:48.16,50.3 1 0
github.com/project-available/available/token/paseto_maker.go:52.2,52.21 1 0
github.com/project-available/available/token/payload.go:24.73,26.16 2 0
github.com/project-available/available/token/payload.go:26.16,28.3 1 0
github.com/project-available/available/token/payload.go:30.2,39.21 3 0
github.com/project-available/available/token/payload.go:42.33,43.35 1 0
github.com/project-available/available/token/payload.go:43.35,45.3 1 0
github.com/project-available/available/token/payload.go:46.2,46.12 1 0
github.com/project-available/available/docs/docs.go:1667.13,1669.2 1 0
github.com/project-available/available/db/mock/store.go:27.55,31.2 3 0
github.com/project-available/available/db/mock/store.go:34.53,36.2 1 0
github.com/project-available/available/db/mock/store.go:39.106,45.2 5 0
github.com/project-available/available/db/mock/store.go:48.81,51.2 2 0
github.com/project-available/available/db/mock/store.go:54.113,60.2 5 0
github.com/project-available/available/db/mock/store.go:63.91,66.2 2 0
github.com/project-available/available/db/mock/store.go:69.106,75.2 5 0
github.com/project-available/available/db/mock/store.go:78.85,81.2 2 0
github.com/project-available/available/db/mock/store.go:84.106,90.2 5 0
github.com/project-available/available/db/mock/store.go:93.85,96.2 2 0
github.com/project-available/available/db/mock/store.go:99.98,105.2 5 0
github.com/project-available/available/db/mock/store.go:108.89,111.2 2 0
github.com/project-available/available/db/mock/store.go:114.97,120.2 5 0
github.com/project-available/available/db/mock/store.go:123.82,126.2 2 0
github.com/project-available/available/db/mock/store.go:129.76,134.2 4 0
github.com/project-available/available/db/mock/store.go:137.85,140.2 2 0
github.com/project-available/available/db/mock/store.go:143.72,148.2 4 0
github.com/project-available/available/db/mock/store.go:151.82,154.2 2 0
github.com/project-available/available/db/mock/store.go:157.87,163.2 5 0
github.com/project-available/available/db/mock/store.go:166.82,169.2 2 0
github.com/project-available/available/db/mock/store.go:172.94,178.2 5 0
github.com/project-available/available/db/mock/store.go:181.89,184.2 2 0
github.com/project-available/available/db/mock/store.go:187.97,193.2 5 0
github.com/project-available/available/db/mock/store.go:196.91,199.2 2 0
github.com/project-available/available/db/mock/store.go:202.116,208.2 5 0
github.com/project-available/available/db/mock/store.go:211.89,214.2 2 0
github.com/project-available/available/db/mock/store.go:217.80,223.2 5 0
github.com/project-available/available/db/mock/store.go:226.79,229.2 2 0
github.com/project-available/available/db/mock/store.go:232.114,238.2 5 0
github.com/project-available/available/db/mock/store.go:241.84,244.2 2 0
github.com/project-available/available/db/mock/store.go:247.106,253.2 5 0
github.com/project-available/available/db/mock/store.go:256.84,259.2 2 0
github.com/project-available/available/db/mock/store.go:262.86,268.2 5 0
github.com/project-available/available/db/mock/store.go:271.82,274.2 2 0
github.com/project-available/available/db/mock/store.go:277.113,283.2 5 0
github.com/project-available/available/db/mock/store.go:286.97,289.2 2 0
github.com/project-available/available/db/mock/store.go:292.120,298.2 5 0
github.com/project-available/available/db/mock/store.go:301.102,304.2 2 0
github.com/project-available/available/db/mock/store.go:307.97,313.2 5 0
github.com/project-available/available/db/mock/store.go:316.81,319.2 2 0
github.com/project-available/available/db/mock/store.go:322.135,328.2 5 0
github.com/project-available/available/db/mock/store.go:331.91,334.2 2 0
github.com/project-available/available/db/mock/store.go:337.106,343.2 5 0
github.com/project-available/available/db/mock/store.go:346.85,349.2 2 0
github.com/project-available/available/db/mock/store.go:352.106,358.2 5 0
github.com/project-available/available/db/mock/store.go:361.85,364.2 2 0
github.com/project-available/available/db/mock/store.go:367.110,372.2 4 0
github.com/project-available/available/db/mock/store.go:375.94,378.2 2 0
github.com/project-available/available/db/mock/store.go:381.97,387.2 5 0
github.com/project-available/available/db/mock/store.go:390.82,393.2 2 0
github.com/project-available/available/db/mock/store.go:396.118,401.2 4 0
github.com/project-available/available/db/mock/store.go:404.98,407.2 2 0
github.com/project-available/available/api/account.go:30.58,39.2 1 1
github.com/project-available/available/api/account.go:53.55,55.49 2 1
github.com/project-available/available/api/account.go:55.49,58.3 2 1
github.com/project-available/available/api/account.go:60.2,61.16 2 1
github.com/project-available/available/api/account.go:61.16,64.3 2 0
github.com/project-available/available/api/account.go:66.2,76.16 3 1
github.com/project-available/available/api/account.go:76.16,77.39 1 1
github.com/project-available/available/api/account.go:77.39,78.29 1 1
github.com/project-available/available/api/account.go:79.28,81.11 2 1
github.com/project-available/available/api/account.go:85.3,86.9 2 1
github.com/project-available/available/api/account.go:89.2,90.30 2 1
github.com/project-available/available/api/account.go:110.52,112.48 2 1
github.com/project-available/available/api/account.go:112.48,115.3 2 0
github.com/project-available/available/api/account.go:116.2,118.16 2 1
github.com/project-available/available/api/account.go:118.16,119.27 1 1
github.com/project-available/available/api/account.go:119.27,122.4 2 1
github.com/project-available/available/api/account.go:123.3,124.9 2 1
github.com/project-available/available/api/account.go:127.2,128.30 2 1
github.com/project-available/available/api/account.go:150.54,152.50 2 1
github.com/project-available/available/api/account.go:152.50,155.3 2 1
github.com/project-available/available/api/account.go:156.2,162.16 3 1
github.com/project-available/available/api/account.go:162.16,163.27 1 1
github.com/project-available/available/api/account.go:163.27,166.4 2 1
github.com/project-available/available/api/account.go:167.3,168.9 2 1
github.com/project-available/available/api/account.go:170.2,170.35 1 1
github.com/project-available/available/api/account.go:195.55,197.51 2 1
github.com/project-available/available/api/account.go:197.51,200.3 2 1
github.com/project-available/available/api/account.go:201.2,202.53 2 1
github.com/project-available/available/api/account.go:202.53,205.3 2 1
github.com/project-available/available/api/account.go:207.2,213.16 3 1
github.com/project-available/available/api/account.go:213.16,216.3 2 1
github.com/project-available/available/api/account.go:217.2,217.34 1 1
github.com/project-available/available/api/account.go:237.55,239.48 2 1
github.com/project-available/available/api/account.go:239.48,242.3 2 0
github.com/project-available/available/api/account.go:243.2,244.16 2 1
github.com/project-available/available/api/account.go:244.16,245.27 1 1
github.com/project-available/available/api/account.go:245.27,248.4 2 1
github.com/project-available/available/api/account.go:249.3,250.9 2 1
github.com/project-available/available/api/account.go:252.2,252.30 1 1
github.com/project-available/available/api/account.go:278.54,280.49 2 1
github.com/project-available/available/api/account.go:280.49,283.3 2 1
github.com/project-available/available/api/account.go:285.2,286.16 2 1
github.com/project-available/available/api/account.go:286.16,287.27 1 1
github.com/project-available/available/api/account.go:287.27,290.4 2 1
github.com/project-available/available/api/account.go:292.3,293.9 2 1
github.com/project-available/available/api/account.go:296.2,297.16 2 1
github.com/project-available/available/api/account.go:297.16,300.3 2 1
github.com/project-available/available/api/account.go:302.2,303.16 2 1
github.com/project-available/available/api/account.go:303.16,306.3 2 0
github.com/project-available/available/api/account.go:308.2,313.30 2 1
github.com/project-available/available/api/booking.go:33.55,35.49 2 1
github.com/project-available/available/api/booking.go:35.49,38.3 2 1
github.com/project-available/available/api/booking.go:41.2,41.32 1 1
github.com/project-available/available/api/booking.go:41.32,44.3 2 1
github.com/project-available/available/api/booking.go:46.2,54.16 3 1
github.com/project-available/available/api/booking.go:54.16,57.3 2 1
github.com/project-available/available/api/booking.go:59.2,59.33 1 1
github.com/project-available/available/api/booking.go:79.61,81.48 2 1
github.com/project-available/available/api/booking.go:81.48,84.3 2 1
github.com/project-available/available/api/booking.go:86.2,87.16 2 1
github.com/project-available/available/api/booking.go:87.16,88.27 1 1
github.com/project-available/available/api/booking.go:88.27,90.4 1 1
github.com/project-available/available/api/booking.go:90.9,92.4 1 1
github.com/project-available/available/api/booking.go:93.3,93.9 1 1
github.com/project-available/available/api/booking.go:95.2,95.35 1 1
github.com/project-available/available/api/booking.go:116.54,118.50 2 1
github.com/project-available/available/api/booking.go:118.50,121.3 2 1
github.com/project-available/available/api/booking.go:122.2,127.16 3 1
github.com/project-available/available/api/booking.go:127.16,128.27 1 1
github.com/project-available/available/api/booking.go:128.27,130.4 1 1
github.com/project-available/available/api/booking.go:130.9,132.4 1 1
github.com/project-available/available/api/booking.go:133.3,133.9 1 1
github.com/project-available/available/api/booking.go:135.2,135.35 1 1
github.com/project-available/available/api/booking.go:160.55,163.51 2 1
github.com/project-available/available/api/booking.go:163.51,166.3 2 1
github.com/project-available/available/api/booking.go:169.2,170.53 2 1
github.com/project-available/available/api/booking.go:170.53,173.3 2 1
github.com/project-available/available/api/booking.go:175.2,181.16 3 1
github.com/project-available/available/api/booking.go:181.16,182.27 1 1
github.com/project-available/available/api/booking.go:182.27,184.4 1 1
github.com/project-available/available/api/booking.go:184.9,186.4 1 1
github.com/project-available/available/api/booking.go:187.3,187.9 1 1
github.com/project-available/available/api/booking.go:189.2,189.34 1 1
github.com/project-available/available/api/booking.go:212.57,214.49 2 1
github.com/project-available/available/api/booking.go:214.49,217.3 2 1
github.com/project-available/available/api/booking.go:219.2,220.51 2 1
github.com/project-available/available/api/booking.go:220.51,223.3 2 1
github.com/project-available/available/api/booking.go:226.2,227.16 2 1
github.com/project-available/available/api/booking.go:227.16,230.3 2 1
github.com/project-available/available/api/booking.go:232.2,234.16 3 1
github.com/project-available/available/api/booking.go:234.16,236.3 1 0
github.com/project-available/available/api/booking.go:238.2,248.16 5 1
github.com/project-available/available/api/booking.go:248.16,251.3 2 1
github.com/project-available/available/api/booking.go:253.2,253.35 1 1
github.com/project-available/available/api/custom_field.go:26.59,28.49 2 1
github.com/project-available/available/api/custom_field.go:28.49,31.3 2 1
github.com/project-available/available/api/custom_field.go:33.2,34.16 2 1
github.com/project-available/available/api/custom_field.go:34.16,37.3 2 1
github.com/project-available/available/api/custom_field.go:39.2,39.38 1 1
github.com/project-available/available/api/custom_field.go:57.58,59.50 2 1
github.com/project-available/available/api/custom_field.go:59.50,62.3 2 1
github.com/project-available/available/api/custom_field.go:64.2,65.16 2 1
github.com/project-available/available/api/custom_field.go:65.16,68.3 2 1
github.com/project-available/available/api/custom_field.go:70.2,70.39 1 1
github.com/project-available/available/api/custom_field.go:88.67,90.48 2 1
github.com/project-available/available/api/custom_field.go:90.48,93.3 2 1
github.com/project-available/available/api/custom_field.go:95.2,96.16 2 1
github.com/project-available/available/api/custom_field.go:96.16,99.3 2 1
github.com/project-available/available/api/custom_field.go:101.2,101.44 1 1
github.com/project-available/available/api/custom_field.go:122.68,124.49 2 1
github.com/project-available/available/api/custom_field.go:124.49,127.3 2 1
github.com/project-available/available/api/custom_field.go:129.2,136.16 3 1
github.com/project-available/available/api/custom_field.go:136.16,139.3 2 1
github.com/project-available/available/api/custom_field.go:141.2,141.36 1 1
github.com/project-available/available/api/middleware.go:18.61,19.32 1 1
github.com/project-available/available/api/middleware.go:19.32,21.36 2 1
github.com/project-available/available/api/middleware.go:21.36,25.4 3 1
github.com/project-available/available/api/middleware.go:27.3,28.22 2 1
github.com/project-available/available/api/middleware.go:28.22,32.4 3 1
github.com/project-available/available/api/middleware.go:34.3,35.51 2 1
github.com/project-available/available/api/middleware.go:35.51,39.4 3 1
github.com/project-available/available/api/middleware.go:41.3,43.17 3 1
github.com/project-available/available/api/middleware.go:43.17,46.4 2 1
github.com/project-available/available/api/middleware.go:48.3,49.13 2 1
github.com/project-available/available/api/room.go:32.52,35.49 2 1
github.com/project-available/available/api/room.go:35.49,38.3 2 1
github.com/project-available/available/api/room.go:40.2,46.16 3 1
github.com/project-available/available/api/room.go:46.16,49.3 2 1
github.com/project-available/available/api/room.go:50.2,50.31 1 1
github.com/project-available/available/api/room.go:80.49,82.48 2 1
github.com/project-available/available/api/room.go:82.48,85.3 2 1
github.com/project-available/available/api/room.go:87.2,88.16 2 1
github.com/project-available/available/api/room.go:88.16,89.27 1 1
github.com/project-available/available/api/room.go:89.27,92.4 2 0
github.com/project-available/available/api/room.go:93.3,94.9 2 1
github.com/project-available/available/api/room.go:98.2,99.16 2 1
github.com/project-available/available/api/room.go:99.16,102.3 2 1
github.com/project-available/available/api/room.go:105.2,106.16 2 1
github.com/project-available/available/api/room.go:106.16,109.3 2 1
github.com/project-available/available/api/room.go:111.2,112.25 2 1
github.com/project-available/available/api/room.go:112.25,114.3 1 1
github.com/project-available/available/api/room.go:116.2,117.27 2 1
github.com/project-available/available/api/room.go:117.27,119.34 2 1
github.com/project-available/available/api/room.go:119.34,121.4 1 1
github.com/project-available/available/api/room.go:122.3,126.5 1 1
github.com/project-available/available/api/room.go:129.2,136.31 2 1
github.com/project-available/available/api/room.go:166.51,168.50 2 1
github.com/project-available/available/api/room.go:168.50,171.3 2 1
github.com/project-available/available/api/room.go:173.2,180.16 4 1
github.com/project-available/available/api/room.go:180.16,183.3 2 1
github.com/project-available/available/api/room.go:186.2,187.29 2 1
github.com/project-available/available/api/room.go:187.29,189.3 1 1
github.com/project-available/available/api/room.go:192.2,193.16 2 1
github.com/project-available/available/api/room.go:193.16,195.3 1 0
github.com/project-available/available/api/room.go:198.2,199.33 2 1
github.com/project-available/available/api/room.go:199.33,201.3 1 1
github.com/project-available/available/api/room.go:204.2,205.29 2 1
github.com/project-available/available/api/room.go:205.29,208.32 3 1
github.com/project-available/available/api/room.go:208.32,211.4 2 1
github.com/project-available/available/api/room.go:213.3,222.31 2 1
github.com/project-available/available/api/room.go:222.31,224.4 1 1
github.com/project-available/available/api/room.go:225.3,225.28 1 1
github.com/project-available/available/api/room.go:227.2,227.31 1 1
github.com/project-available/available/api/room.go:253.52,255.51 2 1
github.com/project-available/available/api/room.go:255.51,258.3 2 1
github.com/project-available/available/api/room.go:259.2,260.53 2 1
github.com/project-available/available/api/room.go:260.53,263.3 2 1
github.com/project-available/available/api/room.go:264.2,271.16 3 1
github.com/project-available/available/api/room.go:271.16,272.27 1 1
github.com/project-available/available/api/room.go:272.27,275.4 2 1
github.com/project-available/available/api/room.go:276.3,277.9 2 1
github.com/project-available/available/api/room.go:279.2,279.31 1 1
github.com/project-available/available/api/room.go:299.52,301.48 2 1
github.com/project-available/available/api/room.go:301.48,304.3 2 1
github.com/project-available/available/api/room.go:305.2,306.16 2 1
github.com/project-available/available/api/room.go:306.16,307.27 1 1
github.com/project-available/available/api/room.go:307.27,310.4 2 1
github.com/project-available/available/api/room.go:311.3,312.9 2 1
github.com/project-available/available/api/room.go:314.2,314.30 1 1
github.com/project-available/available/api/server.go:27.70,29.16 2 1
github.com/project-available/available/api/server.go:29.16,31.3 1 1
github.com/project-available/available/api/server.go:33.2,40.20 3 1
github.com/project-available/available/api/server.go:43.37,52.34 3 1
github.com/project-available/available/api/server.go:52.34,57.36 4 1
github.com/project-available/available/api/server.go:57.36,60.4 2 0
github.com/project-available/available/api/server.go:62.3,62.11 1 1
github.com/project-available/available/api/server.go:65.2,100.24 24 1
github.com/project-available/available/api/server.go:103.51,105.2 1 0
github.com/project-available/available/api/server.go:107.36,111.2 1 1
github.com/project-available/available/api/server.go:113.36,117.2 2 0
github.com/project-available/available/db/sqlc/account.sql.go:29.96,50.2 4 1
github.com/project-available/available/db/sqlc/account.sql.go:59.78,62.2 2 1
github.com/project-available/available/db/sqlc/account.sql.go:68.86,82.2 4 1
github.com/project-available/available/db/sqlc/account.sql.go:88.89,102.2 4 1
github.com/project-available/available/db/sqlc/account.sql.go:122.104,124.16 2 1
github.com/project-available/available/db/sqlc/account.sql.go:124.16,126.3 1 0
github.com/project-available/available/db/sqlc/account.sql.go:127.2,129.18 3 1
github.com/project-available/available/db/sqlc/account.sql.go:129.18,138.17 2 1
github.com/project-available/available/db/sqlc/account.sql.go:138.17,140.4 1 0
github.com/project-available/available/db/sqlc/account.sql.go:141.3,141.27 1 1
github.com/project-available/available/db/sqlc/account.sql.go:143.2,143.37 1 1
github.com/project-available/available/db/sqlc/account.sql.go:143.37,145.3 1 0
github.com/project-available/available/db/sqlc/account.sql.go:146.2,146.35 1 1
github.com/project-available/available/db/sqlc/account.sql.go:146.35,148.3 1 0
github.com/project-available/available/db/sqlc/account.sql.go:149.2,149.19 1 1
github.com/project-available/available/db/sqlc/account.sql.go:166.96,180.2 4 1
github.com/project-available/available/db/sqlc/booking.sql.go:30.106,35.2 4 1
github.com/project-available/available/db/sqlc/booking.sql.go:53.96,72.2 4 1
github.com/project-available/available/db/sqlc/booking.sql.go:78.96,80.16 2 1
github.com/project-available/available/db/sqlc/booking.sql.go:80.16,82.3 1 0
github.com/project-available/available/db/sqlc/booking.sql.go:83.2,85.18 3 1
github.com/project-available/available/db/sqlc/booking.sql.go:85.18,95.17 2 1
github.com/project-available/available/db/sqlc/booking.sql.go:95.17,97.4 1 0
github.com/project-available/available/db/sqlc/booking.sql.go:98.3,98.27 1 1
github.com/project-available/available/db/sqlc/booking.sql.go:100.2,100.37 1 1
github.com/project-available/available/db/sqlc/booking.sql.go:100.37,102.3 1 0
github.com/project-available/available/db/sqlc/booking.sql.go:103.2,103.35 1 1
github.com/project-available/available/db/sqlc/booking.sql.go:103.35,105.3 1 0
github.com/project-available/available/db/sqlc/booking.sql.go:106.2,106.19 1 1
github.com/project-available/available/db/sqlc/booking.sql.go:120.106,122.16 2 1
github.com/project-available/available/db/sqlc/booking.sql.go:122.16,124.3 1 0
github.com/project-available/available/db/sqlc/booking.sql.go:125.2,127.18 3 1
github.com/project-available/available/db/sqlc/booking.sql.go:127.18,137.17 2 1
github.com/project-available/available/db/sqlc/booking.sql.go:137.17,139.4 1 0
github.com/project-available/available/db/sqlc/booking.sql.go:140.3,140.27 1 1
github.com/project-available/available/db/sqlc/booking.sql.go:142.2,142.37 1 1
github.com/project-available/available/db/sqlc/booking.sql.go:142.37,144.3 1 0
github.com/project-available/available/db/sqlc/booking.sql.go:145.2,145.35 1 1
github.com/project-available/available/db/sqlc/booking.sql.go:145.35,147.3 1 0
github.com/project-available/available/db/sqlc/booking.sql.go:148.2,148.19 1 1
github.com/project-available/available/db/sqlc/booking.sql.go:160.96,162.16 2 1
github.com/project-available/available/db/sqlc/booking.sql.go:162.16,164.3 1 0
github.com/project-available/available/db/sqlc/booking.sql.go:165.2,167.18 3 1
github.com/project-available/available/db/sqlc/booking.sql.go:167.18,177.17 2 1
github.com/project-available/available/db/sqlc/booking.sql.go:177.17,179.4 1 0
github.com/project-available/available/db/sqlc/booking.sql.go:180.3,180.27 1 1
github.com/project-available/available/db/sqlc/booking.sql.go:182.2,182.37 1 1
github.com/project-available/available/db/sqlc/booking.sql.go:182.37,184.3 1 0
github.com/project-available/available/db/sqlc/booking.sql.go:185.2,185.35 1 1
github.com/project-available/available/db/sqlc/booking.sql.go:185.35,187.3 1 0
github.com/project-available/available/db/sqlc/booking.sql.go:188.2,188.19 1 1
github.com/project-available/available/db/sqlc/booking.sql.go:203.96,216.2 4 1
github.com/project-available/available/db/sqlc/custom_field.sql.go:20.91,25.2 4 1
github.com/project-available/available/db/sqlc/custom_field.sql.go:32.80,34.16 2 1
github.com/project-available/available/db/sqlc/custom_field.sql.go:34.16,36.3 1 0
github.com/project-available/available/db/sqlc/custom_field.sql.go:37.2,39.18 3 1
github.com/project-available/available/db/sqlc/custom_field.sql.go:39.18,41.60 2 1
github.com/project-available/available/db/sqlc/custom_field.sql.go:41.60,43.4 1 0
github.com/project-available/available/db/sqlc/custom_field.sql.go:44.3,44.27 1 1
github.com/project-available/available/db/sqlc/custom_field.sql.go:46.2,46.37 1 1
github.com/project-available/available/db/sqlc/custom_field.sql.go:46.37,48.3 1 0
github.com/project-available/available/db/sqlc/custom_field.sql.go:49.2,49.35 1 1
github.com/project-available/available/db/sqlc/custom_field.sql.go:49.35,51.3 1 0
github.com/project-available/available/db/sqlc/custom_field.sql.go:52.2,52.19 1 1
github.com/project-available/available/db/sqlc/custom_field.sql.go:60.109,62.16 2 1
github.com/project-available/available/db/sqlc/custom_field.sql.go:62.16,64.3 1 0
github.com/project-available/available/db/sqlc/custom_field.sql.go:65.2,67.18 3 1
github.com/project-available/available/db/sqlc/custom_field.sql.go:67.18,74.17 2 1
github.com/project-available/available/db/sqlc/custom_field.sql.go:74.17,76.4 1 0
github.com/project-available/available/db/sqlc/custom_field.sql.go:77.3,77.27 1 1
github.com/project-available/available/db/sqlc/custom_field.sql.go:79.2,79.37 1 1
github.com/project-available/available/db/sqlc/custom_field.sql.go:79.37,81.3 1 0
github.com/project-available/available/db/sqlc/custom_field.sql.go:82.2,82.35 1 1
github.com/project-available/available/db/sqlc/custom_field.sql.go:82.35,84.3 1 0
github.com/project-available/available/db/sqlc/custom_field.sql.go:85.2,85.19 1 1
github.com/project-available/available/db/sqlc/custom_field.sql.go:93.118,95.16 2 1
github.com/project-available/available/db/sqlc/custom_field.sql.go:95.16,97.3 1 0
github.com/project-available/available/db/sqlc/custom_field.sql.go:98.2,100.18 3 1
github.com/project-available/available/db/sqlc/custom_field.sql.go:100.18,107.17 2 1
github.com/project-available/available/db/sqlc/custom_field.sql.go:107.17,109.4 1 0
github.com/project-available/available/db/sqlc/custom_field.sql.go:110.3,110.27 1 1
github.com/project-available/available/db/sqlc/custom_field.sql.go:112.2,112.37 1 1
github.com/project-available/available/db/sqlc/custom_field.sql.go:112.37,114.3 1 0
github.com/project-available/available/db/sqlc/custom_field.sql.go:115.2,115.35 1 1
github.com/project-available/available/db/sqlc/custom_field.sql.go:115.35,117.3 1 0
github.com/project-available/available/db/sqlc/custom_field.sql.go:118.2,118.19 1 1
github.com/project-available/available/db/sqlc/custom_field.sql.go:133.103,136.2 2 1
github.com/project-available/available/db/sqlc/custom_field.sql.go:150.111,153.2 2 1
github.com/project-available/available/db/sqlc/db.go:19.28,21.2 1 1
github.com/project-available/available/db/sqlc/db.go:27.47,31.2 1 0
github.com/project-available/available/db/sqlc/room.sql.go:25.87,36.2 4 1
github.com/project-available/available/db/sqlc/room.sql.go:46.67,49.2 2 1
github.com/project-available/available/db/sqlc/room.sql.go:57.72,68.2 4 1
github.com/project-available/available/db/sqlc/room.sql.go:82.87,84.16 2 1
github.com/project-available/available/db/sqlc/room.sql.go:84.16,86.3 1 0
github.com/project-available/available/db/sqlc/room.sql.go:87.2,89.18 3 1
github.com/project-available/available/db/sqlc/room.sql.go:89.18,97.17 2 1
github.com/project-available/available/db/sqlc/room.sql.go:97.17,99.4 1 0
github.com/project-available/available/db/sqlc/room.sql.go:100.3,100.27 1 1
github.com/project-available/available/db/sqlc/room.sql.go:102.2,102.37 1 1
github.com/project-available/available/db/sqlc/room.sql.go:102.37,104.3 1 0
github.com/project-available/available/db/sqlc/room.sql.go:105.2,105.35 1 1
github.com/project-available/available/db/sqlc/room.sql.go:105.35,107.3 1 0
github.com/project-available/available/db/sqlc/room.sql.go:108.2,108.19 1 1
github.com/project-available/available/db/sqlc/room.sql.go:155.125,157.16 2 1
github.com/project-available/available/db/sqlc/room.sql.go:157.16,159.3 1 0
github.com/project-available/available/db/sqlc/room.sql.go:160.2,162.18 3 1
github.com/project-available/available/db/sqlc/room.sql.go:162.18,172.17 2 1
github.com/project-available/available/db/sqlc/room.sql.go:172.17,174.4 1 0
github.com/project-available/available/db/sqlc/room.sql.go:175.3,175.27 1 1
github.com/project-available/available/db/sqlc/room.sql.go:177.2,177.37 1 1
github.com/project-available/available/db/sqlc/room.sql.go:177.37,179.3 1 0
github.com/project-available/available/db/sqlc/room.sql.go:180.2,180.35 1 1
github.com/project-available/available/db/sqlc/room.sql.go:180.35,182.3 1 0
github.com/project-available/available/db/sqlc/room.sql.go:183.2,183.19 1 1
github.com/project-available/available/db/sqlc/room.sql.go:201.87,217.2 4 1
github.com/project-available/available/db/sqlc/store.go:23.33,28.2 1 1
github.com/project-available/available/db/sqlc/store.go:31.79,33.16 2 1
github.com/project-available/available/db/sqlc/store.go:33.16,35.3 1 0
github.com/project-available/available/db/sqlc/store.go:38.2,41.16 3 1
github.com/project-available/available/db/sqlc/store.go:41.16,42.43 1 1
github.com/project-available/available/db/sqlc/store.go:42.43,44.4 1 0
github.com/project-available/available/db/sqlc/store.go:45.3,45.13 1 1
github.com/project-available/available/db/sqlc/store.go:48.2,48.20 1 1
github.com/project-available/available/db/sqlc/store.go:63.97,66.46 2 1
github.com/project-available/available/db/sqlc/store.go:66.46,73.17 2 1
github.com/project-available/available/db/sqlc/store.go:73.17,75.4 1 0
github.com/project-available/available/db/sqlc/store.go:76.3,76.18 1 1
github.com/project-available/available/db/sqlc/store.go:76.18,78.4 1 1
github.com/project-available/available/db/sqlc/store.go:81.3,89.17 3 1
github.com/project-available/available/db/sqlc/store.go:89.17,91.4 1 0
github.com/project-available/available/db/sqlc/store.go:94.3,99.17 3 1
github.com/project-available/available/db/sqlc/store.go:99.17,101.4 1 0
github.com/project-available/available/db/sqlc/store.go:103.3,103.13 1 1
github.com/project-available/available/db/sqlc/store.go:106.2,108.20 2 1
